mkdir kernel/.libs
mkdir .libs
 gcc -I. -I/Users/hello/Projects/php-extensions/utils/ext -I/Users/hello/Projects/php-extensions/utils/ext/include -I/Users/hello/Projects/php-extensions/utils/ext/main -I/Users/hello/Projects/php-extensions/utils/ext -I/opt/homebrew/Cellar/php/8.2.10/include/php -I/opt/homebrew/Cellar/php/8.2.10/include/php/main -I/opt/homebrew/Cellar/php/8.2.10/include/php/TSRM -I/opt/homebrew/Cellar/php/8.2.10/include/php/Zend -I/opt/homebrew/Cellar/php/8.2.10/include/php/ext -I/opt/homebrew/Cellar/php/8.2.10/include/php/ext/date/lib -DHAVE_CONFIG_H -O2 -fvisibility=hidden -Wparentheses -flto -DZEPHIR_RELEASE=1 -D_GNU_SOURCE -DZEND_COMPILE_DL_EXT=1 -c /Users/hello/Projects/php-extensions/utils/ext/kernel/main.c -MMD -MF kernel/main.dep -MT kernel/main.lo  -fno-common -DPIC -o kernel/.libs/main.o
 gcc -I. -I/Users/hello/Projects/php-extensions/utils/ext -I/Users/hello/Projects/php-extensions/utils/ext/include -I/Users/hello/Projects/php-extensions/utils/ext/main -I/Users/hello/Projects/php-extensions/utils/ext -I/opt/homebrew/Cellar/php/8.2.10/include/php -I/opt/homebrew/Cellar/php/8.2.10/include/php/main -I/opt/homebrew/Cellar/php/8.2.10/include/php/TSRM -I/opt/homebrew/Cellar/php/8.2.10/include/php/Zend -I/opt/homebrew/Cellar/php/8.2.10/include/php/ext -I/opt/homebrew/Cellar/php/8.2.10/include/php/ext/date/lib -DHAVE_CONFIG_H -O2 -fvisibility=hidden -Wparentheses -flto -DZEPHIR_RELEASE=1 -D_GNU_SOURCE -DZEND_COMPILE_DL_EXT=1 -c /Users/hello/Projects/php-extensions/utils/ext/utils.c -MMD -MF utils.dep -MT utils.lo  -fno-common -DPIC -o .libs/utils.o
 gcc -I. -I/Users/hello/Projects/php-extensions/utils/ext -I/Users/hello/Projects/php-extensions/utils/ext/include -I/Users/hello/Projects/php-extensions/utils/ext/main -I/Users/hello/Projects/php-extensions/utils/ext -I/opt/homebrew/Cellar/php/8.2.10/include/php -I/opt/homebrew/Cellar/php/8.2.10/include/php/main -I/opt/homebrew/Cellar/php/8.2.10/include/php/TSRM -I/opt/homebrew/Cellar/php/8.2.10/include/php/Zend -I/opt/homebrew/Cellar/php/8.2.10/include/php/ext -I/opt/homebrew/Cellar/php/8.2.10/include/php/ext/date/lib -DHAVE_CONFIG_H -O2 -fvisibility=hidden -Wparentheses -flto -DZEPHIR_RELEASE=1 -D_GNU_SOURCE -DZEND_COMPILE_DL_EXT=1 -c /Users/hello/Projects/php-extensions/utils/ext/kernel/memory.c -MMD -MF kernel/memory.dep -MT kernel/memory.lo  -fno-common -DPIC -o kernel/.libs/memory.o
 gcc -I. -I/Users/hello/Projects/php-extensions/utils/ext -I/Users/hello/Projects/php-extensions/utils/ext/include -I/Users/hello/Projects/php-extensions/utils/ext/main -I/Users/hello/Projects/php-extensions/utils/ext -I/opt/homebrew/Cellar/php/8.2.10/include/php -I/opt/homebrew/Cellar/php/8.2.10/include/php/main -I/opt/homebrew/Cellar/php/8.2.10/include/php/TSRM -I/opt/homebrew/Cellar/php/8.2.10/include/php/Zend -I/opt/homebrew/Cellar/php/8.2.10/include/php/ext -I/opt/homebrew/Cellar/php/8.2.10/include/php/ext/date/lib -DHAVE_CONFIG_H -O2 -fvisibility=hidden -Wparentheses -flto -DZEPHIR_RELEASE=1 -D_GNU_SOURCE -DZEND_COMPILE_DL_EXT=1 -c /Users/hello/Projects/php-extensions/utils/ext/kernel/exception.c -MMD -MF kernel/exception.dep -MT kernel/exception.lo  -fno-common -DPIC -o kernel/.libs/exception.o
 gcc -I. -I/Users/hello/Projects/php-extensions/utils/ext -I/Users/hello/Projects/php-extensions/utils/ext/include -I/Users/hello/Projects/php-extensions/utils/ext/main -I/Users/hello/Projects/php-extensions/utils/ext -I/opt/homebrew/Cellar/php/8.2.10/include/php -I/opt/homebrew/Cellar/php/8.2.10/include/php/main -I/opt/homebrew/Cellar/php/8.2.10/include/php/TSRM -I/opt/homebrew/Cellar/php/8.2.10/include/php/Zend -I/opt/homebrew/Cellar/php/8.2.10/include/php/ext -I/opt/homebrew/Cellar/php/8.2.10/include/php/ext/date/lib -DHAVE_CONFIG_H -O2 -fvisibility=hidden -Wparentheses -flto -DZEPHIR_RELEASE=1 -D_GNU_SOURCE -DZEND_COMPILE_DL_EXT=1 -c /Users/hello/Projects/php-extensions/utils/ext/kernel/debug.c -MMD -MF kernel/debug.dep -MT kernel/debug.lo  -fno-common -DPIC -o kernel/.libs/debug.o
 gcc -I. -I/Users/hello/Projects/php-extensions/utils/ext -I/Users/hello/Projects/php-extensions/utils/ext/include -I/Users/hello/Projects/php-extensions/utils/ext/main -I/Users/hello/Projects/php-extensions/utils/ext -I/opt/homebrew/Cellar/php/8.2.10/include/php -I/opt/homebrew/Cellar/php/8.2.10/include/php/main -I/opt/homebrew/Cellar/php/8.2.10/include/php/TSRM -I/opt/homebrew/Cellar/php/8.2.10/include/php/Zend -I/opt/homebrew/Cellar/php/8.2.10/include/php/ext -I/opt/homebrew/Cellar/php/8.2.10/include/php/ext/date/lib -DHAVE_CONFIG_H -O2 -fvisibility=hidden -Wparentheses -flto -DZEPHIR_RELEASE=1 -D_GNU_SOURCE -DZEND_COMPILE_DL_EXT=1 -c /Users/hello/Projects/php-extensions/utils/ext/kernel/backtrace.c -MMD -MF kernel/backtrace.dep -MT kernel/backtrace.lo  -fno-common -DPIC -o kernel/.libs/backtrace.o
 gcc -I. -I/Users/hello/Projects/php-extensions/utils/ext -I/Users/hello/Projects/php-extensions/utils/ext/include -I/Users/hello/Projects/php-extensions/utils/ext/main -I/Users/hello/Projects/php-extensions/utils/ext -I/opt/homebrew/Cellar/php/8.2.10/include/php -I/opt/homebrew/Cellar/php/8.2.10/include/php/main -I/opt/homebrew/Cellar/php/8.2.10/include/php/TSRM -I/opt/homebrew/Cellar/php/8.2.10/include/php/Zend -I/opt/homebrew/Cellar/php/8.2.10/include/php/ext -I/opt/homebrew/Cellar/php/8.2.10/include/php/ext/date/lib -DHAVE_CONFIG_H -O2 -fvisibility=hidden -Wparentheses -flto -DZEPHIR_RELEASE=1 -D_GNU_SOURCE -DZEND_COMPILE_DL_EXT=1 -c /Users/hello/Projects/php-extensions/utils/ext/kernel/object.c -MMD -MF kernel/object.dep -MT kernel/object.lo  -fno-common -DPIC -o kernel/.libs/object.o
 gcc -I. -I/Users/hello/Projects/php-extensions/utils/ext -I/Users/hello/Projects/php-extensions/utils/ext/include -I/Users/hello/Projects/php-extensions/utils/ext/main -I/Users/hello/Projects/php-extensions/utils/ext -I/opt/homebrew/Cellar/php/8.2.10/include/php -I/opt/homebrew/Cellar/php/8.2.10/include/php/main -I/opt/homebrew/Cellar/php/8.2.10/include/php/TSRM -I/opt/homebrew/Cellar/php/8.2.10/include/php/Zend -I/opt/homebrew/Cellar/php/8.2.10/include/php/ext -I/opt/homebrew/Cellar/php/8.2.10/include/php/ext/date/lib -DHAVE_CONFIG_H -O2 -fvisibility=hidden -Wparentheses -flto -DZEPHIR_RELEASE=1 -D_GNU_SOURCE -DZEND_COMPILE_DL_EXT=1 -c /Users/hello/Projects/php-extensions/utils/ext/kernel/array.c -MMD -MF kernel/array.dep -MT kernel/array.lo  -fno-common -DPIC -o kernel/.libs/array.o
 gcc -I. -I/Users/hello/Projects/php-extensions/utils/ext -I/Users/hello/Projects/php-extensions/utils/ext/include -I/Users/hello/Projects/php-extensions/utils/ext/main -I/Users/hello/Projects/php-extensions/utils/ext -I/opt/homebrew/Cellar/php/8.2.10/include/php -I/opt/homebrew/Cellar/php/8.2.10/include/php/main -I/opt/homebrew/Cellar/php/8.2.10/include/php/TSRM -I/opt/homebrew/Cellar/php/8.2.10/include/php/Zend -I/opt/homebrew/Cellar/php/8.2.10/include/php/ext -I/opt/homebrew/Cellar/php/8.2.10/include/php/ext/date/lib -DHAVE_CONFIG_H -O2 -fvisibility=hidden -Wparentheses -flto -DZEPHIR_RELEASE=1 -D_GNU_SOURCE -DZEND_COMPILE_DL_EXT=1 -c /Users/hello/Projects/php-extensions/utils/ext/kernel/fcall.c -MMD -MF kernel/fcall.dep -MT kernel/fcall.lo  -fno-common -DPIC -o kernel/.libs/fcall.o
 gcc -I. -I/Users/hello/Projects/php-extensions/utils/ext -I/Users/hello/Projects/php-extensions/utils/ext/include -I/Users/hello/Projects/php-extensions/utils/ext/main -I/Users/hello/Projects/php-extensions/utils/ext -I/opt/homebrew/Cellar/php/8.2.10/include/php -I/opt/homebrew/Cellar/php/8.2.10/include/php/main -I/opt/homebrew/Cellar/php/8.2.10/include/php/TSRM -I/opt/homebrew/Cellar/php/8.2.10/include/php/Zend -I/opt/homebrew/Cellar/php/8.2.10/include/php/ext -I/opt/homebrew/Cellar/php/8.2.10/include/php/ext/date/lib -DHAVE_CONFIG_H -O2 -fvisibility=hidden -Wparentheses -flto -DZEPHIR_RELEASE=1 -D_GNU_SOURCE -DZEND_COMPILE_DL_EXT=1 -c /Users/hello/Projects/php-extensions/utils/ext/kernel/string.c -MMD -MF kernel/string.dep -MT kernel/string.lo  -fno-common -DPIC -o kernel/.libs/string.o
 gcc -I. -I/Users/hello/Projects/php-extensions/utils/ext -I/Users/hello/Projects/php-extensions/utils/ext/include -I/Users/hello/Projects/php-extensions/utils/ext/main -I/Users/hello/Projects/php-extensions/utils/ext -I/opt/homebrew/Cellar/php/8.2.10/include/php -I/opt/homebrew/Cellar/php/8.2.10/include/php/main -I/opt/homebrew/Cellar/php/8.2.10/include/php/TSRM -I/opt/homebrew/Cellar/php/8.2.10/include/php/Zend -I/opt/homebrew/Cellar/php/8.2.10/include/php/ext -I/opt/homebrew/Cellar/php/8.2.10/include/php/ext/date/lib -DHAVE_CONFIG_H -O2 -fvisibility=hidden -Wparentheses -flto -DZEPHIR_RELEASE=1 -D_GNU_SOURCE -DZEND_COMPILE_DL_EXT=1 -c /Users/hello/Projects/php-extensions/utils/ext/kernel/require.c -MMD -MF kernel/require.dep -MT kernel/require.lo  -fno-common -DPIC -o kernel/.libs/require.o
 gcc -I. -I/Users/hello/Projects/php-extensions/utils/ext -I/Users/hello/Projects/php-extensions/utils/ext/include -I/Users/hello/Projects/php-extensions/utils/ext/main -I/Users/hello/Projects/php-extensions/utils/ext -I/opt/homebrew/Cellar/php/8.2.10/include/php -I/opt/homebrew/Cellar/php/8.2.10/include/php/main -I/opt/homebrew/Cellar/php/8.2.10/include/php/TSRM -I/opt/homebrew/Cellar/php/8.2.10/include/php/Zend -I/opt/homebrew/Cellar/php/8.2.10/include/php/ext -I/opt/homebrew/Cellar/php/8.2.10/include/php/ext/date/lib -DHAVE_CONFIG_H -O2 -fvisibility=hidden -Wparentheses -flto -DZEPHIR_RELEASE=1 -D_GNU_SOURCE -DZEND_COMPILE_DL_EXT=1 -c /Users/hello/Projects/php-extensions/utils/ext/kernel/file.c -MMD -MF kernel/file.dep -MT kernel/file.lo  -fno-common -DPIC -o kernel/.libs/file.o
 gcc -I. -I/Users/hello/Projects/php-extensions/utils/ext -I/Users/hello/Projects/php-extensions/utils/ext/include -I/Users/hello/Projects/php-extensions/utils/ext/main -I/Users/hello/Projects/php-extensions/utils/ext -I/opt/homebrew/Cellar/php/8.2.10/include/php -I/opt/homebrew/Cellar/php/8.2.10/include/php/main -I/opt/homebrew/Cellar/php/8.2.10/include/php/TSRM -I/opt/homebrew/Cellar/php/8.2.10/include/php/Zend -I/opt/homebrew/Cellar/php/8.2.10/include/php/ext -I/opt/homebrew/Cellar/php/8.2.10/include/php/ext/date/lib -DHAVE_CONFIG_H -O2 -fvisibility=hidden -Wparentheses -flto -DZEPHIR_RELEASE=1 -D_GNU_SOURCE -DZEND_COMPILE_DL_EXT=1 -c /Users/hello/Projects/php-extensions/utils/ext/kernel/operators.c -MMD -MF kernel/operators.dep -MT kernel/operators.lo  -fno-common -DPIC -o kernel/.libs/operators.o
 gcc -I. -I/Users/hello/Projects/php-extensions/utils/ext -I/Users/hello/Projects/php-extensions/utils/ext/include -I/Users/hello/Projects/php-extensions/utils/ext/main -I/Users/hello/Projects/php-extensions/utils/ext -I/opt/homebrew/Cellar/php/8.2.10/include/php -I/opt/homebrew/Cellar/php/8.2.10/include/php/main -I/opt/homebrew/Cellar/php/8.2.10/include/php/TSRM -I/opt/homebrew/Cellar/php/8.2.10/include/php/Zend -I/opt/homebrew/Cellar/php/8.2.10/include/php/ext -I/opt/homebrew/Cellar/php/8.2.10/include/php/ext/date/lib -DHAVE_CONFIG_H -O2 -fvisibility=hidden -Wparentheses -flto -DZEPHIR_RELEASE=1 -D_GNU_SOURCE -DZEND_COMPILE_DL_EXT=1 -c /Users/hello/Projects/php-extensions/utils/ext/kernel/math.c -MMD -MF kernel/math.dep -MT kernel/math.lo  -fno-common -DPIC -o kernel/.libs/math.o
 gcc -I. -I/Users/hello/Projects/php-extensions/utils/ext -I/Users/hello/Projects/php-extensions/utils/ext/include -I/Users/hello/Projects/php-extensions/utils/ext/main -I/Users/hello/Projects/php-extensions/utils/ext -I/opt/homebrew/Cellar/php/8.2.10/include/php -I/opt/homebrew/Cellar/php/8.2.10/include/php/main -I/opt/homebrew/Cellar/php/8.2.10/include/php/TSRM -I/opt/homebrew/Cellar/php/8.2.10/include/php/Zend -I/opt/homebrew/Cellar/php/8.2.10/include/php/ext -I/opt/homebrew/Cellar/php/8.2.10/include/php/ext/date/lib -DHAVE_CONFIG_H -O2 -fvisibility=hidden -Wparentheses -flto -DZEPHIR_RELEASE=1 -D_GNU_SOURCE -DZEND_COMPILE_DL_EXT=1 -c /Users/hello/Projects/php-extensions/utils/ext/kernel/concat.c -MMD -MF kernel/concat.dep -MT kernel/concat.lo  -fno-common -DPIC -o kernel/.libs/concat.o
 gcc -I. -I/Users/hello/Projects/php-extensions/utils/ext -I/Users/hello/Projects/php-extensions/utils/ext/include -I/Users/hello/Projects/php-extensions/utils/ext/main -I/Users/hello/Projects/php-extensions/utils/ext -I/opt/homebrew/Cellar/php/8.2.10/include/php -I/opt/homebrew/Cellar/php/8.2.10/include/php/main -I/opt/homebrew/Cellar/php/8.2.10/include/php/TSRM -I/opt/homebrew/Cellar/php/8.2.10/include/php/Zend -I/opt/homebrew/Cellar/php/8.2.10/include/php/ext -I/opt/homebrew/Cellar/php/8.2.10/include/php/ext/date/lib -DHAVE_CONFIG_H -O2 -fvisibility=hidden -Wparentheses -flto -DZEPHIR_RELEASE=1 -D_GNU_SOURCE -DZEND_COMPILE_DL_EXT=1 -c /Users/hello/Projects/php-extensions/utils/ext/kernel/variables.c -MMD -MF kernel/variables.dep -MT kernel/variables.lo  -fno-common -DPIC -o kernel/.libs/variables.o
 gcc -I. -I/Users/hello/Projects/php-extensions/utils/ext -I/Users/hello/Projects/php-extensions/utils/ext/include -I/Users/hello/Projects/php-extensions/utils/ext/main -I/Users/hello/Projects/php-extensions/utils/ext -I/opt/homebrew/Cellar/php/8.2.10/include/php -I/opt/homebrew/Cellar/php/8.2.10/include/php/main -I/opt/homebrew/Cellar/php/8.2.10/include/php/TSRM -I/opt/homebrew/Cellar/php/8.2.10/include/php/Zend -I/opt/homebrew/Cellar/php/8.2.10/include/php/ext -I/opt/homebrew/Cellar/php/8.2.10/include/php/ext/date/lib -DHAVE_CONFIG_H -O2 -fvisibility=hidden -Wparentheses -flto -DZEPHIR_RELEASE=1 -D_GNU_SOURCE -DZEND_COMPILE_DL_EXT=1 -c /Users/hello/Projects/php-extensions/utils/ext/kernel/filter.c -MMD -MF kernel/filter.dep -MT kernel/filter.lo  -fno-common -DPIC -o kernel/.libs/filter.o
 gcc -I. -I/Users/hello/Projects/php-extensions/utils/ext -I/Users/hello/Projects/php-extensions/utils/ext/include -I/Users/hello/Projects/php-extensions/utils/ext/main -I/Users/hello/Projects/php-extensions/utils/ext -I/opt/homebrew/Cellar/php/8.2.10/include/php -I/opt/homebrew/Cellar/php/8.2.10/include/php/main -I/opt/homebrew/Cellar/php/8.2.10/include/php/TSRM -I/opt/homebrew/Cellar/php/8.2.10/include/php/Zend -I/opt/homebrew/Cellar/php/8.2.10/include/php/ext -I/opt/homebrew/Cellar/php/8.2.10/include/php/ext/date/lib -DHAVE_CONFIG_H -O2 -fvisibility=hidden -Wparentheses -flto -DZEPHIR_RELEASE=1 -D_GNU_SOURCE -DZEND_COMPILE_DL_EXT=1 -c /Users/hello/Projects/php-extensions/utils/ext/kernel/iterator.c -MMD -MF kernel/iterator.dep -MT kernel/iterator.lo  -fno-common -DPIC -o kernel/.libs/iterator.o
 gcc -I. -I/Users/hello/Projects/php-extensions/utils/ext -I/Users/hello/Projects/php-extensions/utils/ext/include -I/Users/hello/Projects/php-extensions/utils/ext/main -I/Users/hello/Projects/php-extensions/utils/ext -I/opt/homebrew/Cellar/php/8.2.10/include/php -I/opt/homebrew/Cellar/php/8.2.10/include/php/main -I/opt/homebrew/Cellar/php/8.2.10/include/php/TSRM -I/opt/homebrew/Cellar/php/8.2.10/include/php/Zend -I/opt/homebrew/Cellar/php/8.2.10/include/php/ext -I/opt/homebrew/Cellar/php/8.2.10/include/php/ext/date/lib -DHAVE_CONFIG_H -O2 -fvisibility=hidden -Wparentheses -flto -DZEPHIR_RELEASE=1 -D_GNU_SOURCE -DZEND_COMPILE_DL_EXT=1 -c /Users/hello/Projects/php-extensions/utils/ext/kernel/time.c -MMD -MF kernel/time.dep -MT kernel/time.lo  -fno-common -DPIC -o kernel/.libs/time.o
 gcc -I. -I/Users/hello/Projects/php-extensions/utils/ext -I/Users/hello/Projects/php-extensions/utils/ext/include -I/Users/hello/Projects/php-extensions/utils/ext/main -I/Users/hello/Projects/php-extensions/utils/ext -I/opt/homebrew/Cellar/php/8.2.10/include/php -I/opt/homebrew/Cellar/php/8.2.10/include/php/main -I/opt/homebrew/Cellar/php/8.2.10/include/php/TSRM -I/opt/homebrew/Cellar/php/8.2.10/include/php/Zend -I/opt/homebrew/Cellar/php/8.2.10/include/php/ext -I/opt/homebrew/Cellar/php/8.2.10/include/php/ext/date/lib -DHAVE_CONFIG_H -O2 -fvisibility=hidden -Wparentheses -flto -DZEPHIR_RELEASE=1 -D_GNU_SOURCE -DZEND_COMPILE_DL_EXT=1 -c /Users/hello/Projects/php-extensions/utils/ext/kernel/exit.c -MMD -MF kernel/exit.dep -MT kernel/exit.lo  -fno-common -DPIC -o kernel/.libs/exit.o
mkdir utils/.libs
 gcc -I. -I/Users/hello/Projects/php-extensions/utils/ext -I/Users/hello/Projects/php-extensions/utils/ext/include -I/Users/hello/Projects/php-extensions/utils/ext/main -I/Users/hello/Projects/php-extensions/utils/ext -I/opt/homebrew/Cellar/php/8.2.10/include/php -I/opt/homebrew/Cellar/php/8.2.10/include/php/main -I/opt/homebrew/Cellar/php/8.2.10/include/php/TSRM -I/opt/homebrew/Cellar/php/8.2.10/include/php/Zend -I/opt/homebrew/Cellar/php/8.2.10/include/php/ext -I/opt/homebrew/Cellar/php/8.2.10/include/php/ext/date/lib -DHAVE_CONFIG_H -O2 -fvisibility=hidden -Wparentheses -flto -DZEPHIR_RELEASE=1 -D_GNU_SOURCE -DZEND_COMPILE_DL_EXT=1 -c /Users/hello/Projects/php-extensions/utils/ext/utils/encoder.zep.c -MMD -MF utils/encoder.dep -MT utils/encoder.lo  -fno-common -DPIC -o utils/.libs/encoder.o
 gcc -I. -I/Users/hello/Projects/php-extensions/utils/ext -I/Users/hello/Projects/php-extensions/utils/ext/include -I/Users/hello/Projects/php-extensions/utils/ext/main -I/Users/hello/Projects/php-extensions/utils/ext -I/opt/homebrew/Cellar/php/8.2.10/include/php -I/opt/homebrew/Cellar/php/8.2.10/include/php/main -I/opt/homebrew/Cellar/php/8.2.10/include/php/TSRM -I/opt/homebrew/Cellar/php/8.2.10/include/php/Zend -I/opt/homebrew/Cellar/php/8.2.10/include/php/ext -I/opt/homebrew/Cellar/php/8.2.10/include/php/ext/date/lib -DHAVE_CONFIG_H -O2 -fvisibility=hidden -Wparentheses -flto -DZEPHIR_RELEASE=1 -D_GNU_SOURCE -DZEND_COMPILE_DL_EXT=1 -c /Users/hello/Projects/php-extensions/utils/ext/utils/greeting.zep.c -MMD -MF utils/greeting.dep -MT utils/greeting.lo  -fno-common -DPIC -o utils/.libs/greeting.o
gcc ${wl}-flat_namespace ${wl}-undefined ${wl}suppress -o .libs/utils.so -bundle  .libs/utils.o kernel/.libs/main.o kernel/.libs/memory.o kernel/.libs/exception.o kernel/.libs/debug.o kernel/.libs/backtrace.o kernel/.libs/object.o kernel/.libs/array.o kernel/.libs/string.o kernel/.libs/fcall.o kernel/.libs/require.o kernel/.libs/file.o kernel/.libs/operators.o kernel/.libs/math.o kernel/.libs/concat.o kernel/.libs/variables.o kernel/.libs/filter.o kernel/.libs/iterator.o kernel/.libs/time.o kernel/.libs/exit.o utils/.libs/encoder.o utils/.libs/greeting.o  
dsymutil .libs/utils.so || :
creating utils.la
(cd .libs && rm -f utils.la && ln -s ../utils.la utils.la)
cp ./.libs/utils.so /Users/hello/Projects/php-extensions/utils/ext/modules/utils.so
cp ./.libs/utils.lai /Users/hello/Projects/php-extensions/utils/ext/modules/utils.la
----------------------------------------------------------------------
Libraries have been installed in:
   /Users/hello/Projects/php-extensions/utils/ext/modules

If you ever happen to want to link against installed libraries
in a given directory, LIBDIR, you must either use libtool, and
specify the full pathname of the library, or use the `-LLIBDIR'
flag during linking and do at least one of the following:
   - add LIBDIR to the `DYLD_LIBRARY_PATH' environment variable
     during execution

See any operating system documentation about shared libraries for
more information, such as the ld(1) and ld.so(8) manual pages.
----------------------------------------------------------------------

Build complete.
Don't forget to run 'make test'.


Build complete.
Don't forget to run 'make test'.

Installing shared extensions:     /opt/homebrew/Cellar/php/8.2.10/pecl/20220829/
Installing header files:          /opt/homebrew/Cellar/php/8.2.10/include/php/
